--- DEBUG KEKURANGAN ---
Komponen 24 | Size 004 | OLD=20 | NEW=20 | SELISIH=0
Komponen 24 | Size 04T | OLD=30 | NEW=30 | SELISIH=0
Komponen 24 | Size 006 | OLD=28 | NEW=28 | SELISIH=0
Komponen 24 | Size 06T | OLD=18 | NEW=18 | SELISIH=0
TOTAL KEKURANGAN: 0
--- DEBUG KEKURANGAN ---
Komponen 24 | Size 004 | OLD=20 | NEW=20 | SELISIH=0
Komponen 24 | Size 04T | OLD=30 | NEW=30 | SELISIH=0
Komponen 24 | Size 006 | OLD=28 | NEW=28 | SELISIH=0
Komponen 24 | Size 06T | OLD=18 | NEW=18 | SELISIH=0
TOTAL KEKURANGAN: 0
--- DEBUG KEKURANGAN ---
Komponen 24 | Size 004 | OLD=20 | NEW=20 | SELISIH=0
Komponen 24 | Size 04T | OLD=30 | NEW=30 | SELISIH=0
Komponen 24 | Size 006 | OLD=28 | NEW=28 | SELISIH=0
Komponen 24 | Size 06T | OLD=18 | NEW=18 | SELISIH=0
TOTAL KEKURANGAN: 0
--- DEBUG KEKURANGAN ---
Komponen 24 | Size 004 | OLD=20 | NEW=20 | SELISIH=0
Komponen 24 | Size 04T | OLD=30 | NEW=30 | SELISIH=0
Komponen 24 | Size 006 | OLD=28 | NEW=28 | SELISIH=0
Komponen 24 | Size 06T | OLD=18 | NEW=18 | SELISIH=0
TOTAL KEKURANGAN: 0
--- DEBUG KEKURANGAN ---
Komponen 24 | Size 004 | OLD=20 | NEW=20 | SELISIH=0
Komponen 24 | Size 04T | OLD=30 | NEW=30 | SELISIH=0
Komponen 24 | Size 006 | OLD=28 | NEW=28 | SELISIH=0
Komponen 24 | Size 06T | OLD=18 | NEW=18 | SELISIH=0
TOTAL KEKURANGAN: 0
--- DEBUG KEKURANGAN ---
Komponen 24 | Size 004 | OLD=20 | NEW=20 | SELISIH=0
Komponen 24 | Size 04T | OLD=30 | NEW=30 | SELISIH=0
Komponen 24 | Size 006 | OLD=28 | NEW=28 | SELISIH=0
Komponen 24 | Size 06T | OLD=18 | NEW=18 | SELISIH=0
TOTAL KEKURANGAN: 0
--- DEBUG KEKURANGAN ---
Komponen 24 | Size 004 | OLD=18 | NEW=18 | SELISIH=0
TOTAL KEKURANGAN: 0
--- DEBUG KEKURANGAN ---
Komponen 20 | Size 004 | OLD=6 | NEW=6 | SELISIH=0
Komponen 20 | Size 005 | OLD=6 | NEW=6 | SELISIH=0
Komponen 20 | Size 006 | OLD=6 | NEW=6 | SELISIH=0
Komponen 20 | Size 007 | OLD=10 | NEW=10 | SELISIH=0
Komponen 20 | Size 008 | OLD=28 | NEW=28 | SELISIH=0
Komponen 20 | Size 009 | OLD=34 | NEW=34 | SELISIH=0
TOTAL KEKURANGAN: 0
--- DEBUG KEKURANGAN ---
<<<<<<< HEAD
Komponen 24 | Size 006 | OLD=20 | NEW=20 | SELISIH=0
=======
Komponen 36 | Size 007 | OLD=6 | NEW=6 | SELISIH=0
Komponen 36 | Size 008 | OLD=18 | NEW=18 | SELISIH=0
Komponen 36 | Size 009 | OLD=31 | NEW=31 | SELISIH=0
TOTAL KEKURANGAN: 0
--- DEBUG KEKURANGAN ---
Komponen 20 | Size 007 | OLD=36 | NEW=36 | SELISIH=0
Komponen 20 | Size 008 | OLD=70 | NEW=70 | SELISIH=0
>>>>>>> abb03426709a371e84025c943f69b1cfeda47f6c
TOTAL KEKURANGAN: 0
--- DEBUG KEKURANGAN ---
Komponen 20 | Size 008 | OLD=60 | NEW=60 | SELISIH=0
Komponen 20 | Size 009 | OLD=72 | NEW=72 | SELISIH=0
Komponen 20 | Size 08T | OLD=84 | NEW=84 | SELISIH=0
Komponen 20 | Size 09T | OLD=60 | NEW=60 | SELISIH=0
TOTAL KEKURANGAN: 0
